Original Text: Hello, this is a secret message!
Encrypted Text: 4889b357d5f989ea9de53e07:b734600ad71202a0034e5f67629205e0:0afc9956488f062aacd8e8e573f8183b084fc3814dcb3ef902d3758cff79b3dd
SUCCESS: Text encrypted and format is correct.
Decrypted Text: Hello, this is a secret message!
SUCCESS: Text decrypted correctly.
Legacy Text result: Legacy plain text
SUCCESS: Legacy plain text handled correctly.
node : Decryption 
failed (returning 
plain text): Invalid 
authentication tag 
length: 1
At line:1 char:1
+ node test-util.js > 
test-output.txt 
2>&1Check-Content 
-Path test-outp ...
+ ~~~~~~~~~~~~~~~~~~~~~
~~~~~~~~~~~~~~~~~~~~~~~
~~~~~~~~~~~~~~~~~~~~~~~
~~
    + CategoryInfo     
         : NotSpecifi  
  ed: (Decryption fa   
 il...n tag length:    
 1:String) [], Rem    
oteException
    + FullyQualifiedEr 
   rorId : NativeComm  
  andError
 
Invalid Encrypted result: bad:data:format
